
C:\Users\LENOVO\.gemini\antigravity-ide\brain\4eea2945-e740-4d73-897f-44829510f44a\.system_generated\tasks\task-2219.lo
g:1:pg_restore: error: could not execute query: ERROR:  schema "auth" already exists
C:\Users\LENOVO\.gemini\antigravity-ide\brain\4eea2945-e740-4d73-897f-44829510f44a\.system_generated\tasks\task-2219.lo
g:5:pg_restore: error: could not execute query: ERROR:  schema "extensions" already exists
C:\Users\LENOVO\.gemini\antigravity-ide\brain\4eea2945-e740-4d73-897f-44829510f44a\.system_generated\tasks\task-2219.lo
g:9:pg_restore: error: could not execute query: ERROR:  schema "graphql" already exists
C:\Users\LENOVO\.gemini\antigravity-ide\brain\4eea2945-e740-4d73-897f-44829510f44a\.system_generated\tasks\task-2219.lo
g:13:pg_restore: error: could not execute query: ERROR:  schema "graphql_public" already exists
C:\Users\LENOVO\.gemini\antigravity-ide\brain\4eea2945-e740-4d73-897f-44829510f44a\.system_generated\tasks\task-2219.lo
g:17:pg_restore: error: could not execute query: ERROR:  schema "pgbouncer" already exists
C:\Users\LENOVO\.gemini\antigravity-ide\brain\4eea2945-e740-4d73-897f-44829510f44a\.system_generated\tasks\task-2219.lo
g:21:pg_restore: error: could not execute query: ERROR:  schema "realtime" already exists
C:\Users\LENOVO\.gemini\antigravity-ide\brain\4eea2945-e740-4d73-897f-44829510f44a\.system_generated\tasks\task-2219.lo
g:25:pg_restore: error: could not execute query: ERROR:  schema "storage" already exists
C:\Users\LENOVO\.gemini\antigravity-ide\brain\4eea2945-e740-4d73-897f-44829510f44a\.system_generated\tasks\task-2219.lo
g:29:pg_restore: error: could not execute query: ERROR:  schema "supabase_migrations" already exists
C:\Users\LENOVO\.gemini\antigravity-ide\brain\4eea2945-e740-4d73-897f-44829510f44a\.system_generated\tasks\task-2219.lo
g:33:pg_restore: error: could not execute query: ERROR:  schema "vault" already exists
C:\Users\LENOVO\.gemini\antigravity-ide\brain\4eea2945-e740-4d73-897f-44829510f44a\.system_generated\tasks\task-2219.lo
g:37:pg_restore: error: could not execute query: ERROR:  permission denied for schema auth
C:\Users\LENOVO\.gemini\antigravity-ide\brain\4eea2945-e740-4d73-897f-44829510f44a\.system_generated\tasks\task-2219.lo
g:45:pg_restore: error: could not execute query: ERROR:  permission denied for schema auth
C:\Users\LENOVO\.gemini\antigravity-ide\brain\4eea2945-e740-4d73-897f-44829510f44a\.system_generated\tasks\task-2219.lo
g:52:pg_restore: error: could not execute query: ERROR:  permission denied for schema auth
C:\Users\LENOVO\.gemini\antigravity-ide\brain\4eea2945-e740-4d73-897f-44829510f44a\.system_generated\tasks\task-2219.lo
g:59:pg_restore: error: could not execute query: ERROR:  permission denied for schema auth
C:\Users\LENOVO\.gemini\antigravity-ide\brain\4eea2945-e740-4d73-897f-44829510f44a\.system_generated\tasks\task-2219.lo
g:67:pg_restore: error: could not execute query: ERROR:  permission denied for schema auth
C:\Users\LENOVO\.gemini\antigravity-ide\brain\4eea2945-e740-4d73-897f-44829510f44a\.system_generated\tasks\task-2219.lo
g:76:pg_restore: error: could not execute query: ERROR:  permission denied for schema auth
C:\Users\LENOVO\.gemini\antigravity-ide\brain\4eea2945-e740-4d73-897f-44829510f44a\.system_generated\tasks\task-2219.lo
g:83:pg_restore: error: could not execute query: ERROR:  permission denied for schema auth
C:\Users\LENOVO\.gemini\antigravity-ide\brain\4eea2945-e740-4d73-897f-44829510f44a\.system_generated\tasks\task-2219.lo
g:90:pg_restore: error: could not execute query: ERROR:  permission denied for schema auth
C:\Users\LENOVO\.gemini\antigravity-ide\brain\4eea2945-e740-4d73-897f-44829510f44a\.system_generated\tasks\task-2219.lo
g:96:pg_restore: error: could not execute query: ERROR:  permission denied for schema auth
C:\Users\LENOVO\.gemini\antigravity-ide\brain\4eea2945-e740-4d73-897f-44829510f44a\.system_generated\tasks\task-2219.lo
g:107:pg_restore: error: could not execute query: ERROR:  type "action" already exists
C:\Users\LENOVO\.gemini\antigravity-ide\brain\4eea2945-e740-4d73-897f-44829510f44a\.system_generated\tasks\task-2219.lo
g:117:pg_restore: error: could not execute query: ERROR:  type "equality_op" already exists
C:\Users\LENOVO\.gemini\antigravity-ide\brain\4eea2945-e740-4d73-897f-44829510f44a\.system_generated\tasks\task-2219.lo
g:135:pg_restore: error: could not execute query: ERROR:  type "user_defined_filter" already exists
C:\Users\LENOVO\.gemini\antigravity-ide\brain\4eea2945-e740-4d73-897f-44829510f44a\.system_generated\tasks\task-2219.lo
g:143:pg_restore: error: could not execute query: ERROR:  type "wal_column" already exists
C:\Users\LENOVO\.gemini\antigravity-ide\brain\4eea2945-e740-4d73-897f-44829510f44a\.system_generated\tasks\task-2219.lo
g:154:pg_restore: error: could not execute query: ERROR:  type "wal_rls" already exists
C:\Users\LENOVO\.gemini\antigravity-ide\brain\4eea2945-e740-4d73-897f-44829510f44a\.system_generated\tasks\task-2219.lo
g:163:pg_restore: error: could not execute query: ERROR:  permission denied for schema storage
C:\Users\LENOVO\.gemini\antigravity-ide\brain\4eea2945-e740-4d73-897f-44829510f44a\.system_generated\tasks\task-2219.lo
g:171:pg_restore: error: could not execute query: ERROR:  permission denied for schema auth
C:\Users\LENOVO\.gemini\antigravity-ide\brain\4eea2945-e740-4d73-897f-44829510f44a\.system_generated\tasks\task-2219.lo
g:183:pg_restore: error: could not execute query: ERROR:  must be owner of function auth.email
C:\Users\LENOVO\.gemini\antigravity-ide\brain\4eea2945-e740-4d73-897f-44829510f44a\.system_generated\tasks\task-2219.lo
g:187:pg_restore: error: could not execute query: ERROR:  permission denied for schema auth
C:\Users\LENOVO\.gemini\antigravity-ide\brain\4eea2945-e740-4d73-897f-44829510f44a\.system_generated\tasks\task-2219.lo
g:199:pg_restore: error: could not execute query: ERROR:  permission denied for schema auth
C:\Users\LENOVO\.gemini\antigravity-ide\brain\4eea2945-e740-4d73-897f-44829510f44a\.system_generated\tasks\task-2219.lo
g:211:pg_restore: error: could not execute query: ERROR:  must be owner of function auth.role
C:\Users\LENOVO\.gemini\antigravity-ide\brain\4eea2945-e740-4d73-897f-44829510f44a\.system_generated\tasks\task-2219.lo
g:215:pg_restore: error: could not execute query: ERROR:  permission denied for schema auth
C:\Users\LENOVO\.gemini\antigravity-ide\brain\4eea2945-e740-4d73-897f-44829510f44a\.system_generated\tasks\task-2219.lo
g:227:pg_restore: error: could not execute query: ERROR:  must be owner of function auth.uid
C:\Users\LENOVO\.gemini\antigravity-ide\brain\4eea2945-e740-4d73-897f-44829510f44a\.system_generated\tasks\task-2219.lo
g:231:pg_restore: error: could not execute query: ERROR:  function "grant_pg_cron_access" already exists with same 
argument types
C:\Users\LENOVO\.gemini\antigravity-ide\brain\4eea2945-e740-4d73-897f-44829510f44a\.system_generated\tasks\task-2219.lo
g:265:pg_restore: error: could not execute query: ERROR:  must be owner of function extensions.grant_pg_cron_access
C:\Users\LENOVO\.gemini\antigravity-ide\brain\4eea2945-e740-4d73-897f-44829510f44a\.system_generated\tasks\task-2219.lo
g:269:pg_restore: error: could not execute query: ERROR:  function "grant_pg_graphql_access" already exists with same 
argument types
C:\Users\LENOVO\.gemini\antigravity-ide\brain\4eea2945-e740-4d73-897f-44829510f44a\.system_generated\tasks\task-2219.lo
g:313:pg_restore: error: could not execute query: ERROR:  must be owner of function extensions.grant_pg_graphql_access
C:\Users\LENOVO\.gemini\antigravity-ide\brain\4eea2945-e740-4d73-897f-44829510f44a\.system_generated\tasks\task-2219.lo
g:317:pg_restore: error: could not execute query: ERROR:  function "grant_pg_net_access" already exists with same 
argument types
C:\Users\LENOVO\.gemini\antigravity-ide\brain\4eea2945-e740-4d73-897f-44829510f44a\.system_generated\tasks\task-2219.lo
g:365:pg_restore: error: could not execute query: ERROR:  must be owner of function extensions.grant_pg_net_access
C:\Users\LENOVO\.gemini\antigravity-ide\brain\4eea2945-e740-4d73-897f-44829510f44a\.system_generated\tasks\task-2219.lo
g:369:pg_restore: error: could not execute query: ERROR:  function "pgrst_ddl_watch" already exists with same argument 
types
C:\Users\LENOVO\.gemini\antigravity-ide\brain\4eea2945-e740-4d73-897f-44829510f44a\.system_generated\tasks\task-2219.lo
g:399:pg_restore: error: could not execute query: ERROR:  function "pgrst_drop_watch" already exists with same 
argument types
C:\Users\LENOVO\.gemini\antigravity-ide\brain\4eea2945-e740-4d73-897f-44829510f44a\.system_generated\tasks\task-2219.lo
g:427:pg_restore: error: could not execute query: ERROR:  function "set_graphql_placeholder" already exists with same 
argument types
C:\Users\LENOVO\.gemini\antigravity-ide\brain\4eea2945-e740-4d73-897f-44829510f44a\.system_generated\tasks\task-2219.lo
g:481:pg_restore: error: could not execute query: ERROR:  must be owner of function extensions.set_graphql_placeholder
C:\Users\LENOVO\.gemini\antigravity-ide\brain\4eea2945-e740-4d73-897f-44829510f44a\.system_generated\tasks\task-2219.lo
g:485:pg_restore: error: could not execute query: ERROR:  permission denied for schema graphql_public
C:\Users\LENOVO\.gemini\antigravity-ide\brain\4eea2945-e740-4d73-897f-44829510f44a\.system_generated\tasks\task-2219.lo
g:515:pg_restore: error: could not execute query: ERROR:  permission denied for schema pgbouncer
C:\Users\LENOVO\.gemini\antigravity-ide\brain\4eea2945-e740-4d73-897f-44829510f44a\.system_generated\tasks\task-2219.lo
g:536:pg_restore: error: could not execute query: ERROR:  function "apply_rls" already exists with same argument types
C:\Users\LENOVO\.gemini\antigravity-ide\brain\4eea2945-e740-4d73-897f-44829510f44a\.system_generated\tasks\task-2219.lo
g:896:pg_restore: error: could not execute query: ERROR:  function "broadcast_changes" already exists with same 
argument types
C:\Users\LENOVO\.gemini\antigravity-ide\brain\4eea2945-e740-4d73-897f-44829510f44a\.system_generated\tasks\task-2219.lo
g:922:pg_restore: error: could not execute query: ERROR:  function "build_prepared_statement_sql" already exists with 
same argument types
C:\Users\LENOVO\.gemini\antigravity-ide\brain\4eea2945-e740-4d73-897f-44829510f44a\.system_generated\tasks\task-2219.lo
g:952:pg_restore: error: could not execute query: ERROR:  function "cast" already exists with same argument types
C:\Users\LENOVO\.gemini\antigravity-ide\brain\4eea2945-e740-4d73-897f-44829510f44a\.system_generated\tasks\task-2219.lo
g:968:pg_restore: error: could not execute query: ERROR:  function "check_equality_op" already exists with same 
argument types
C:\Users\LENOVO\.gemini\antigravity-ide\brain\4eea2945-e740-4d73-897f-44829510f44a\.system_generated\tasks\task-2219.lo
g:1004:pg_restore: error: could not execute query: ERROR:  function "is_visible_through_filters" already exists with 
same argument types
C:\Users\LENOVO\.gemini\antigravity-ide\brain\4eea2945-e740-4d73-897f-44829510f44a\.system_generated\tasks\task-2219.lo
g:1037:pg_restore: error: could not execute query: ERROR:  permission denied to set parameter "log_min_messages"
C:\Users\LENOVO\.gemini\antigravity-ide\brain\4eea2945-e740-4d73-897f-44829510f44a\.system_generated\tasks\task-2219.lo
g:1104:pg_restore: error: could not execute query: ERROR:  function "quote_wal2json" already exists with same argument 
types
C:\Users\LENOVO\.gemini\antigravity-ide\brain\4eea2945-e740-4d73-897f-44829510f44a\.system_generated\tasks\task-2219.lo
g:1118:pg_restore: error: could not execute query: ERROR:  function "send" already exists with same argument types
C:\Users\LENOVO\.gemini\antigravity-ide\brain\4eea2945-e740-4d73-897f-44829510f44a\.system_generated\tasks\task-2219.lo
g:1149:pg_restore: error: could not execute query: ERROR:  function "send_binary" already exists with same argument 
types
C:\Users\LENOVO\.gemini\antigravity-ide\brain\4eea2945-e740-4d73-897f-44829510f44a\.system_generated\tasks\task-2219.lo
g:1171:pg_restore: error: could not execute query: ERROR:  function "subscription_check_filters" already exists with 
same argument types
C:\Users\LENOVO\.gemini\antigravity-ide\brain\4eea2945-e740-4d73-897f-44829510f44a\.system_generated\tasks\task-2219.lo
g:1245:pg_restore: error: could not execute query: ERROR:  function "to_regrole" already exists with same argument 
types
C:\Users\LENOVO\.gemini\antigravity-ide\brain\4eea2945-e740-4d73-897f-44829510f44a\.system_generated\tasks\task-2219.lo
g:1251:pg_restore: error: could not execute query: ERROR:  function "topic" already exists with same argument types
C:\Users\LENOVO\.gemini\antigravity-ide\brain\4eea2945-e740-4d73-897f-44829510f44a\.system_generated\tasks\task-2219.lo
g:1259:pg_restore: error: could not execute query: ERROR:  function "wal2json_escape_identifier" already exists with 
same argument types
C:\Users\LENOVO\.gemini\antigravity-ide\brain\4eea2945-e740-4d73-897f-44829510f44a\.system_generated\tasks\task-2219.lo
g:1268:pg_restore: error: could not execute query: ERROR:  permission denied for schema storage
C:\Users\LENOVO\.gemini\antigravity-ide\brain\4eea2945-e740-4d73-897f-44829510f44a\.system_generated\tasks\task-2219.lo
g:1296:pg_restore: error: could not execute query: ERROR:  permission denied for schema storage
C:\Users\LENOVO\.gemini\antigravity-ide\brain\4eea2945-e740-4d73-897f-44829510f44a\.system_generated\tasks\task-2219.lo
g:1323:pg_restore: error: could not execute query: ERROR:  permission denied for schema storage
C:\Users\LENOVO\.gemini\antigravity-ide\brain\4eea2945-e740-4d73-897f-44829510f44a\.system_generated\tasks\task-2219.lo
g:1337:pg_restore: error: could not execute query: ERROR:  permission denied for schema storage
C:\Users\LENOVO\.gemini\antigravity-ide\brain\4eea2945-e740-4d73-897f-44829510f44a\.system_generated\tasks\task-2219.lo
g:1350:pg_restore: error: could not execute query: ERROR:  permission denied for schema storage
C:\Users\LENOVO\.gemini\antigravity-ide\brain\4eea2945-e740-4d73-897f-44829510f44a\.system_generated\tasks\task-2219.lo
g:1368:pg_restore: error: could not execute query: ERROR:  permission denied for schema storage
C:\Users\LENOVO\.gemini\antigravity-ide\brain\4eea2945-e740-4d73-897f-44829510f44a\.system_generated\tasks\task-2219.lo
g:1381:pg_restore: error: could not execute query: ERROR:  permission denied for schema storage
C:\Users\LENOVO\.gemini\antigravity-ide\brain\4eea2945-e740-4d73-897f-44829510f44a\.system_generated\tasks\task-2219.lo
g:1396:pg_restore: error: could not execute query: ERROR:  permission denied for schema storage
C:\Users\LENOVO\.gemini\antigravity-ide\brain\4eea2945-e740-4d73-897f-44829510f44a\.system_generated\tasks\task-2219.lo
g:1408:pg_restore: error: could not execute query: ERROR:  permission denied for schema storage
C:\Users\LENOVO\.gemini\antigravity-ide\brain\4eea2945-e740-4d73-897f-44829510f44a\.system_generated\tasks\task-2219.lo
g:1421:pg_restore: error: could not execute query: ERROR:  permission denied for schema storage
C:\Users\LENOVO\.gemini\antigravity-ide\brain\4eea2945-e740-4d73-897f-44829510f44a\.system_generated\tasks\task-2219.lo
g:1464:pg_restore: error: could not execute query: ERROR:  permission denied for schema storage
C:\Users\LENOVO\.gemini\antigravity-ide\brain\4eea2945-e740-4d73-897f-44829510f44a\.system_generated\tasks\task-2219.lo
g:1676:pg_restore: error: could not execute query: ERROR:  permission denied for schema storage
C:\Users\LENOVO\.gemini\antigravity-ide\brain\4eea2945-e740-4d73-897f-44829510f44a\.system_generated\tasks\task-2219.lo
g:1686:pg_restore: error: could not execute query: ERROR:  permission denied for schema storage
C:\Users\LENOVO\.gemini\antigravity-ide\brain\4eea2945-e740-4d73-897f-44829510f44a\.system_generated\tasks\task-2219.lo
g:1702:pg_restore: error: could not execute query: ERROR:  permission denied for schema storage
C:\Users\LENOVO\.gemini\antigravity-ide\brain\4eea2945-e740-4d73-897f-44829510f44a\.system_generated\tasks\task-2219.lo
g:1953:pg_restore: error: could not execute query: ERROR:  permission denied for schema storage
C:\Users\LENOVO\.gemini\antigravity-ide\brain\4eea2945-e740-4d73-897f-44829510f44a\.system_generated\tasks\task-2219.lo
g:2057:pg_restore: error: could not execute query: ERROR:  permission denied for schema storage
C:\Users\LENOVO\.gemini\antigravity-ide\brain\4eea2945-e740-4d73-897f-44829510f44a\.system_generated\tasks\task-2219.lo
g:2114:pg_restore: error: could not execute query: ERROR:  permission denied for schema storage
C:\Users\LENOVO\.gemini\antigravity-ide\brain\4eea2945-e740-4d73-897f-44829510f44a\.system_generated\tasks\task-2219.lo
g:2125:pg_restore: error: could not execute query: ERROR:  permission denied for schema auth
C:\Users\LENOVO\.gemini\antigravity-ide\brain\4eea2945-e740-4d73-897f-44829510f44a\.system_generated\tasks\task-2219.lo
g:2137:pg_restore: error: could not execute query: ERROR:  must be owner of table audit_log_entries
C:\Users\LENOVO\.gemini\antigravity-ide\brain\4eea2945-e740-4d73-897f-44829510f44a\.system_generated\tasks\task-2219.lo
g:2141:pg_restore: error: could not execute query: ERROR:  permission denied for schema auth
C:\Users\LENOVO\.gemini\antigravity-ide\brain\4eea2945-e740-4d73-897f-44829510f44a\.system_generated\tasks\task-2219.lo
g:2191:pg_restore: error: could not execute query: ERROR:  permission denied for schema auth
C:\Users\LENOVO\.gemini\antigravity-ide\brain\4eea2945-e740-4d73-897f-44829510f44a\.system_generated\tasks\task-2219.lo
g:2215:pg_restore: error: could not execute query: ERROR:  must be owner of table flow_state
C:\Users\LENOVO\.gemini\antigravity-ide\brain\4eea2945-e740-4d73-897f-44829510f44a\.system_generated\tasks\task-2219.lo
g:2219:pg_restore: error: could not execute query: ERROR:  permission denied for schema auth
C:\Users\LENOVO\.gemini\antigravity-ide\brain\4eea2945-e740-4d73-897f-44829510f44a\.system_generated\tasks\task-2219.lo
g:2235:pg_restore: error: could not execute query: ERROR:  must be owner of table identities
C:\Users\LENOVO\.gemini\antigravity-ide\brain\4eea2945-e740-4d73-897f-44829510f44a\.system_generated\tasks\task-2219.lo
g:2239:pg_restore: error: could not execute query: ERROR:  must be owner of relation identities
C:\Users\LENOVO\.gemini\antigravity-ide\brain\4eea2945-e740-4d73-897f-44829510f44a\.system_generated\tasks\task-2219.lo
g:2243:pg_restore: error: could not execute query: ERROR:  permission denied for schema auth
C:\Users\LENOVO\.gemini\antigravity-ide\brain\4eea2945-e740-4d73-897f-44829510f44a\.system_generated\tasks\task-2219.lo
g:2255:pg_restore: error: could not execute query: ERROR:  must be owner of table instances
C:\Users\LENOVO\.gemini\antigravity-ide\brain\4eea2945-e740-4d73-897f-44829510f44a\.system_generated\tasks\task-2219.lo
g:2259:pg_restore: error: could not execute query: ERROR:  permission denied for schema auth
C:\Users\LENOVO\.gemini\antigravity-ide\brain\4eea2945-e740-4d73-897f-44829510f44a\.system_generated\tasks\task-2219.lo
g:2271:pg_restore: error: could not execute query: ERROR:  must be owner of table mfa_amr_claims
C:\Users\LENOVO\.gemini\antigravity-ide\brain\4eea2945-e740-4d73-897f-44829510f44a\.system_generated\tasks\task-2219.lo
g:2275:pg_restore: error: could not execute query: ERROR:  permission denied for schema auth
C:\Users\LENOVO\.gemini\antigravity-ide\brain\4eea2945-e740-4d73-897f-44829510f44a\.system_generated\tasks\task-2219.lo
g:2289:pg_restore: error: could not execute query: ERROR:  must be owner of table mfa_challenges
C:\Users\LENOVO\.gemini\antigravity-ide\brain\4eea2945-e740-4d73-897f-44829510f44a\.system_generated\tasks\task-2219.lo
g:2293:pg_restore: error: could not execute query: ERROR:  permission denied for schema auth
C:\Users\LENOVO\.gemini\antigravity-ide\brain\4eea2945-e740-4d73-897f-44829510f44a\.system_generated\tasks\task-2219.lo
g:2313:pg_restore: error: could not execute query: ERROR:  must be owner of table mfa_factors
C:\Users\LENOVO\.gemini\antigravity-ide\brain\4eea2945-e740-4d73-897f-44829510f44a\.system_generated\tasks\task-2219.lo
g:2317:pg_restore: error: could not execute query: ERROR:  must be owner of relation mfa_factors
C:\Users\LENOVO\.gemini\antigravity-ide\brain\4eea2945-e740-4d73-897f-44829510f44a\.system_generated\tasks\task-2219.lo
g:2321:pg_restore: error: could not execute query: ERROR:  permission denied for schema auth
C:\Users\LENOVO\.gemini\antigravity-ide\brain\4eea2945-e740-4d73-897f-44829510f44a\.system_generated\tasks\task-2219.lo
g:2353:pg_restore: error: could not execute query: ERROR:  permission denied for schema auth
C:\Users\LENOVO\.gemini\antigravity-ide\brain\4eea2945-e740-4d73-897f-44829510f44a\.system_generated\tasks\task-2219.lo
g:2364:pg_restore: error: could not execute query: ERROR:  must be owner of table oauth_client_states
C:\Users\LENOVO\.gemini\antigravity-ide\brain\4eea2945-e740-4d73-897f-44829510f44a\.system_generated\tasks\task-2219.lo
g:2368:pg_restore: error: could not execute query: ERROR:  permission denied for schema auth
C:\Users\LENOVO\.gemini\antigravity-ide\brain\4eea2945-e740-4d73-897f-44829510f44a\.system_generated\tasks\task-2219.lo
g:2392:pg_restore: error: could not execute query: ERROR:  permission denied for schema auth
C:\Users\LENOVO\.gemini\antigravity-ide\brain\4eea2945-e740-4d73-897f-44829510f44a\.system_generated\tasks\task-2219.lo
g:2408:pg_restore: error: could not execute query: ERROR:  permission denied for schema auth
C:\Users\LENOVO\.gemini\antigravity-ide\brain\4eea2945-e740-4d73-897f-44829510f44a\.system_generated\tasks\task-2219.lo
g:2423:pg_restore: error: could not execute query: ERROR:  permission denied for schema auth
C:\Users\LENOVO\.gemini\antigravity-ide\brain\4eea2945-e740-4d73-897f-44829510f44a\.system_generated\tasks\task-2219.lo
g:2439:pg_restore: error: could not execute query: ERROR:  must be owner of table refresh_tokens
C:\Users\LENOVO\.gemini\antigravity-ide\brain\4eea2945-e740-4d73-897f-44829510f44a\.system_generated\tasks\task-2219.lo
g:2443:pg_restore: error: could not execute query: ERROR:  permission denied for schema auth
C:\Users\LENOVO\.gemini\antigravity-ide\brain\4eea2945-e740-4d73-897f-44829510f44a\.system_generated\tasks\task-2219.lo
g:2452:pg_restore: error: could not execute query: ERROR:  must be owner of sequence refresh_tokens_id_seq
C:\Users\LENOVO\.gemini\antigravity-ide\brain\4eea2945-e740-4d73-897f-44829510f44a\.system_generated\tasks\task-2219.lo
g:2456:pg_restore: error: could not execute query: ERROR:  permission denied for schema auth
C:\Users\LENOVO\.gemini\antigravity-ide\brain\4eea2945-e740-4d73-897f-44829510f44a\.system_generated\tasks\task-2219.lo
g:2475:pg_restore: error: could not execute query: ERROR:  must be owner of table saml_providers
C:\Users\LENOVO\.gemini\antigravity-ide\brain\4eea2945-e740-4d73-897f-44829510f44a\.system_generated\tasks\task-2219.lo
g:2479:pg_restore: error: could not execute query: ERROR:  permission denied for schema auth
C:\Users\LENOVO\.gemini\antigravity-ide\brain\4eea2945-e740-4d73-897f-44829510f44a\.system_generated\tasks\task-2219.lo
g:2495:pg_restore: error: could not execute query: ERROR:  must be owner of table saml_relay_states
C:\Users\LENOVO\.gemini\antigravity-ide\brain\4eea2945-e740-4d73-897f-44829510f44a\.system_generated\tasks\task-2219.lo
g:2499:pg_restore: error: could not execute query: ERROR:  permission denied for schema auth
C:\Users\LENOVO\.gemini\antigravity-ide\brain\4eea2945-e740-4d73-897f-44829510f44a\.system_generated\tasks\task-2219.lo
g:2507:pg_restore: error: could not execute query: ERROR:  must be owner of table schema_migrations
C:\Users\LENOVO\.gemini\antigravity-ide\brain\4eea2945-e740-4d73-897f-44829510f44a\.system_generated\tasks\task-2219.lo
g:2511:pg_restore: error: could not execute query: ERROR:  permission denied for schema auth
C:\Users\LENOVO\.gemini\antigravity-ide\brain\4eea2945-e740-4d73-897f-44829510f44a\.system_generated\tasks\task-2219.lo
g:2534:pg_restore: error: could not execute query: ERROR:  must be owner of table sessions
C:\Users\LENOVO\.gemini\antigravity-ide\brain\4eea2945-e740-4d73-897f-44829510f44a\.system_generated\tasks\task-2219.lo
g:2538:pg_restore: error: could not execute query: ERROR:  must be owner of relation sessions
C:\Users\LENOVO\.gemini\antigravity-ide\brain\4eea2945-e740-4d73-897f-44829510f44a\.system_generated\tasks\task-2219.lo
g:2542:pg_restore: error: could not execute query: ERROR:  must be owner of relation sessions
C:\Users\LENOVO\.gemini\antigravity-ide\brain\4eea2945-e740-4d73-897f-44829510f44a\.system_generated\tasks\task-2219.lo
g:2546:pg_restore: error: could not execute query: ERROR:  must be owner of relation sessions
C:\Users\LENOVO\.gemini\antigravity-ide\brain\4eea2945-e740-4d73-897f-44829510f44a\.system_generated\tasks\task-2219.lo
g:2550:pg_restore: error: could not execute query: ERROR:  permission denied for schema auth
C:\Users\LENOVO\.gemini\antigravity-ide\brain\4eea2945-e740-4d73-897f-44829510f44a\.system_generated\tasks\task-2219.lo
g:2563:pg_restore: error: could not execute query: ERROR:  must be owner of table sso_domains
C:\Users\LENOVO\.gemini\antigravity-ide\brain\4eea2945-e740-4d73-897f-44829510f44a\.system_generated\tasks\task-2219.lo
g:2567:pg_restore: error: could not execute query: ERROR:  permission denied for schema auth
C:\Users\LENOVO\.gemini\antigravity-ide\brain\4eea2945-e740-4d73-897f-44829510f44a\.system_generated\tasks\task-2219.lo
g:2580:pg_restore: error: could not execute query: ERROR:  must be owner of table sso_providers
C:\Users\LENOVO\.gemini\antigravity-ide\brain\4eea2945-e740-4d73-897f-44829510f44a\.system_generated\tasks\task-2219.lo
g:2584:pg_restore: error: could not execute query: ERROR:  must be owner of relation sso_providers
C:\Users\LENOVO\.gemini\antigravity-ide\brain\4eea2945-e740-4d73-897f-44829510f44a\.system_generated\tasks\task-2219.lo
g:2588:pg_restore: error: could not execute query: ERROR:  permission denied for schema auth
C:\Users\LENOVO\.gemini\antigravity-ide\brain\4eea2945-e740-4d73-897f-44829510f44a\.system_generated\tasks\task-2219.lo
g:2631:pg_restore: error: could not execute query: ERROR:  must be owner of table users
C:\Users\LENOVO\.gemini\antigravity-ide\brain\4eea2945-e740-4d73-897f-44829510f44a\.system_generated\tasks\task-2219.lo
g:2635:pg_restore: error: could not execute query: ERROR:  must be owner of relation users
C:\Users\LENOVO\.gemini\antigravity-ide\brain\4eea2945-e740-4d73-897f-44829510f44a\.system_generated\tasks\task-2219.lo
g:2639:pg_restore: error: could not execute query: ERROR:  permission denied for schema auth
C:\Users\LENOVO\.gemini\antigravity-ide\brain\4eea2945-e740-4d73-897f-44829510f44a\.system_generated\tasks\task-2219.lo
g:2653:pg_restore: error: could not execute query: ERROR:  permission denied for schema auth
C:\Users\LENOVO\.gemini\antigravity-ide\brain\4eea2945-e740-4d73-897f-44829510f44a\.system_generated\tasks\task-2219.lo
g:2674:pg_restore: error: could not execute query: ERROR:  relation "messages" already exists
C:\Users\LENOVO\.gemini\antigravity-ide\brain\4eea2945-e740-4d73-897f-44829510f44a\.system_generated\tasks\task-2219.lo
g:2689:pg_restore: error: could not execute query: ERROR:  relation "messages_2026_06_29" already exists
C:\Users\LENOVO\.gemini\antigravity-ide\brain\4eea2945-e740-4d73-897f-44829510f44a\.system_generated\tasks\task-2219.lo
g:2704:pg_restore: error: could not execute query: ERROR:  relation "messages_2026_06_30" already exists
C:\Users\LENOVO\.gemini\antigravity-ide\brain\4eea2945-e740-4d73-897f-44829510f44a\.system_generated\tasks\task-2219.lo
g:2719:pg_restore: error: could not execute query: ERROR:  relation "messages_2026_07_01" already exists
C:\Users\LENOVO\.gemini\antigravity-ide\brain\4eea2945-e740-4d73-897f-44829510f44a\.system_generated\tasks\task-2219.lo
g:2734:pg_restore: error: could not execute query: ERROR:  relation "messages_2026_07_02" already exists
C:\Users\LENOVO\.gemini\antigravity-ide\brain\4eea2945-e740-4d73-897f-44829510f44a\.system_generated\tasks\task-2219.lo
g:2749:pg_restore: error: could not execute query: ERROR:  relation "messages_2026_07_03" already exists
C:\Users\LENOVO\.gemini\antigravity-ide\brain\4eea2945-e740-4d73-897f-44829510f44a\.system_generated\tasks\task-2219.lo
g:2764:pg_restore: error: could not execute query: ERROR:  relation "schema_migrations" already exists
C:\Users\LENOVO\.gemini\antigravity-ide\brain\4eea2945-e740-4d73-897f-44829510f44a\.system_generated\tasks\task-2219.lo
g:2771:pg_restore: error: could not execute query: ERROR:  relation "subscription" already exists
C:\Users\LENOVO\.gemini\antigravity-ide\brain\4eea2945-e740-4d73-897f-44829510f44a\.system_generated\tasks\task-2219.lo
g:2786:pg_restore: error: could not execute query: ERROR:  must be owner of table subscription
C:\Users\LENOVO\.gemini\antigravity-ide\brain\4eea2945-e740-4d73-897f-44829510f44a\.system_generated\tasks\task-2219.lo
g:2797:pg_restore: error: could not execute query: ERROR:  permission denied for schema storage
C:\Users\LENOVO\.gemini\antigravity-ide\brain\4eea2945-e740-4d73-897f-44829510f44a\.system_generated\tasks\task-2219.lo
g:2815:pg_restore: error: could not execute query: ERROR:  must be owner of relation buckets
C:\Users\LENOVO\.gemini\antigravity-ide\brain\4eea2945-e740-4d73-897f-44829510f44a\.system_generated\tasks\task-2219.lo
g:2819:pg_restore: error: could not execute query: ERROR:  permission denied for schema storage
C:\Users\LENOVO\.gemini\antigravity-ide\brain\4eea2945-e740-4d73-897f-44829510f44a\.system_generated\tasks\task-2219.lo
g:2833:pg_restore: error: could not execute query: ERROR:  permission denied for schema storage
C:\Users\LENOVO\.gemini\antigravity-ide\brain\4eea2945-e740-4d73-897f-44829510f44a\.system_generated\tasks\task-2219.lo
g:2844:pg_restore: error: could not execute query: ERROR:  permission denied for schema storage
C:\Users\LENOVO\.gemini\antigravity-ide\brain\4eea2945-e740-4d73-897f-44829510f44a\.system_generated\tasks\task-2219.lo
g:2855:pg_restore: error: could not execute query: ERROR:  permission denied for schema storage
C:\Users\LENOVO\.gemini\antigravity-ide\brain\4eea2945-e740-4d73-897f-44829510f44a\.system_generated\tasks\task-2219.lo
g:2874:pg_restore: error: could not execute query: ERROR:  must be owner of relation objects
C:\Users\LENOVO\.gemini\antigravity-ide\brain\4eea2945-e740-4d73-897f-44829510f44a\.system_generated\tasks\task-2219.lo
g:2878:pg_restore: error: could not execute query: ERROR:  permission denied for schema storage
C:\Users\LENOVO\.gemini\antigravity-ide\brain\4eea2945-e740-4d73-897f-44829510f44a\.system_generated\tasks\task-2219.lo
g:2895:pg_restore: error: could not execute query: ERROR:  permission denied for schema storage
C:\Users\LENOVO\.gemini\antigravity-ide\brain\4eea2945-e740-4d73-897f-44829510f44a\.system_generated\tasks\task-2219.lo
g:2912:pg_restore: error: could not execute query: ERROR:  permission denied for schema storage
C:\Users\LENOVO\.gemini\antigravity-ide\brain\4eea2945-e740-4d73-897f-44829510f44a\.system_generated\tasks\task-2219.lo
g:2928:pg_restore: error: could not execute query: ERROR:  relation "schema_migrations" already exists
C:\Users\LENOVO\.gemini\antigravity-ide\brain\4eea2945-e740-4d73-897f-44829510f44a\.system_generated\tasks\task-2219.lo
g:2939:pg_restore: error: could not execute query: ERROR:  "messages_2026_06_29" is already a partition
C:\Users\LENOVO\.gemini\antigravity-ide\brain\4eea2945-e740-4d73-897f-44829510f44a\.system_generated\tasks\task-2219.lo
g:2943:pg_restore: error: could not execute query: ERROR:  "messages_2026_06_30" is already a partition
C:\Users\LENOVO\.gemini\antigravity-ide\brain\4eea2945-e740-4d73-897f-44829510f44a\.system_generated\tasks\task-2219.lo
g:2947:pg_restore: error: could not execute query: ERROR:  "messages_2026_07_01" is already a partition
C:\Users\LENOVO\.gemini\antigravity-ide\brain\4eea2945-e740-4d73-897f-44829510f44a\.system_generated\tasks\task-2219.lo
g:2951:pg_restore: error: could not execute query: ERROR:  "messages_2026_07_02" is already a partition
C:\Users\LENOVO\.gemini\antigravity-ide\brain\4eea2945-e740-4d73-897f-44829510f44a\.system_generated\tasks\task-2219.lo
g:2955:pg_restore: error: could not execute query: ERROR:  "messages_2026_07_03" is already a partition
C:\Users\LENOVO\.gemini\antigravity-ide\brain\4eea2945-e740-4d73-897f-44829510f44a\.system_generated\tasks\task-2219.lo
g:2959:pg_restore: error: could not execute query: ERROR:  must be owner of table refresh_tokens
C:\Users\LENOVO\.gemini\antigravity-ide\brain\4eea2945-e740-4d73-897f-44829510f44a\.system_generated\tasks\task-2219.lo
g:2963:pg_restore: error: COPY failed for table "identities": ERROR:  insert or update on table "identities" violates 
foreign key constraint "identities_user_id_fkey"
C:\Users\LENOVO\.gemini\antigravity-ide\brain\4eea2945-e740-4d73-897f-44829510f44a\.system_generated\tasks\task-2219.lo
g:2965:pg_restore: error: COPY failed for table "mfa_amr_claims": ERROR:  insert or update on table "mfa_amr_claims" 
violates foreign key constraint "mfa_amr_claims_session_id_fkey"
C:\Users\LENOVO\.gemini\antigravity-ide\brain\4eea2945-e740-4d73-897f-44829510f44a\.system_generated\tasks\task-2219.lo
g:2967:pg_restore: error: COPY failed for table "refresh_tokens": ERROR:  insert or update on table "refresh_tokens" 
violates foreign key constraint "refresh_tokens_session_id_fkey"
C:\Users\LENOVO\.gemini\antigravity-ide\brain\4eea2945-e740-4d73-897f-44829510f44a\.system_generated\tasks\task-2219.lo
g:2969:pg_restore: error: could not execute query: ERROR:  permission denied for table schema_migrations
C:\Users\LENOVO\.gemini\antigravity-ide\brain\4eea2945-e740-4d73-897f-44829510f44a\.system_generated\tasks\task-2219.lo
g:2971:pg_restore: error: COPY failed for table "sessions": ERROR:  insert or update on table "sessions" violates 
foreign key constraint "sessions_user_id_fkey"
C:\Users\LENOVO\.gemini\antigravity-ide\brain\4eea2945-e740-4d73-897f-44829510f44a\.system_generated\tasks\task-2219.lo
g:2973:pg_restore: error: COPY failed for table "users": ERROR:  duplicate key value violates unique constraint 
"users_email_partial_key"
C:\Users\LENOVO\.gemini\antigravity-ide\brain\4eea2945-e740-4d73-897f-44829510f44a\.system_generated\tasks\task-2219.lo
g:2976:pg_restore: error: could not execute query: ERROR:  permission denied for table job
C:\Users\LENOVO\.gemini\antigravity-ide\brain\4eea2945-e740-4d73-897f-44829510f44a\.system_generated\tasks\task-2219.lo
g:2978:pg_restore: error: COPY failed for table "schema_migrations": ERROR:  duplicate key value violates unique 
constraint "schema_migrations_pkey"
C:\Users\LENOVO\.gemini\antigravity-ide\brain\4eea2945-e740-4d73-897f-44829510f44a\.system_generated\tasks\task-2219.lo
g:2981:pg_restore: error: COPY failed for table "buckets": ERROR:  duplicate key value violates unique constraint 
"buckets_pkey"
C:\Users\LENOVO\.gemini\antigravity-ide\brain\4eea2945-e740-4d73-897f-44829510f44a\.system_generated\tasks\task-2219.lo
g:2984:pg_restore: error: could not execute query: ERROR:  permission denied for table buckets_vectors
C:\Users\LENOVO\.gemini\antigravity-ide\brain\4eea2945-e740-4d73-897f-44829510f44a\.system_generated\tasks\task-2219.lo
g:2986:pg_restore: error: could not execute query: ERROR:  permission denied for table migrations
C:\Users\LENOVO\.gemini\antigravity-ide\brain\4eea2945-e740-4d73-897f-44829510f44a\.system_generated\tasks\task-2219.lo
g:2988:pg_restore: error: COPY failed for table "objects": ERROR:  insert or update on table "objects" violates 
foreign key constraint "objects_bucketId_fkey"
C:\Users\LENOVO\.gemini\antigravity-ide\brain\4eea2945-e740-4d73-897f-44829510f44a\.system_generated\tasks\task-2219.lo
g:2990:pg_restore: error: could not execute query: ERROR:  permission denied for table vector_indexes
C:\Users\LENOVO\.gemini\antigravity-ide\brain\4eea2945-e740-4d73-897f-44829510f44a\.system_generated\tasks\task-2219.lo
g:2992:pg_restore: error: could not execute query: ERROR:  permission denied for table secrets
C:\Users\LENOVO\.gemini\antigravity-ide\brain\4eea2945-e740-4d73-897f-44829510f44a\.system_generated\tasks\task-2219.lo
g:2994:pg_restore: error: could not execute query: ERROR:  permission denied for sequence jobid_seq
C:\Users\LENOVO\.gemini\antigravity-ide\brain\4eea2945-e740-4d73-897f-44829510f44a\.system_generated\tasks\task-2219.lo
g:2998:pg_restore: error: could not execute query: ERROR:  permission denied for sequence runid_seq
C:\Users\LENOVO\.gemini\antigravity-ide\brain\4eea2945-e740-4d73-897f-44829510f44a\.system_generated\tasks\task-2219.lo
g:3002:pg_restore: error: could not execute query: ERROR:  must be owner of table mfa_amr_claims
C:\Users\LENOVO\.gemini\antigravity-ide\brain\4eea2945-e740-4d73-897f-44829510f44a\.system_generated\tasks\task-2219.lo
g:3007:pg_restore: error: could not execute query: ERROR:  must be owner of table audit_log_entries
C:\Users\LENOVO\.gemini\antigravity-ide\brain\4eea2945-e740-4d73-897f-44829510f44a\.system_generated\tasks\task-2219.lo
g:3012:pg_restore: error: could not execute query: ERROR:  must be owner of table custom_oauth_providers
C:\Users\LENOVO\.gemini\antigravity-ide\brain\4eea2945-e740-4d73-897f-44829510f44a\.system_generated\tasks\task-2219.lo
g:3017:pg_restore: error: could not execute query: ERROR:  must be owner of table custom_oauth_providers
C:\Users\LENOVO\.gemini\antigravity-ide\brain\4eea2945-e740-4d73-897f-44829510f44a\.system_generated\tasks\task-2219.lo
g:3022:pg_restore: error: could not execute query: ERROR:  must be owner of table flow_state
C:\Users\LENOVO\.gemini\antigravity-ide\brain\4eea2945-e740-4d73-897f-44829510f44a\.system_generated\tasks\task-2219.lo
g:3027:pg_restore: error: could not execute query: ERROR:  must be owner of table identities
C:\Users\LENOVO\.gemini\antigravity-ide\brain\4eea2945-e740-4d73-897f-44829510f44a\.system_generated\tasks\task-2219.lo
g:3032:pg_restore: error: could not execute query: ERROR:  must be owner of table identities
C:\Users\LENOVO\.gemini\antigravity-ide\brain\4eea2945-e740-4d73-897f-44829510f44a\.system_generated\tasks\task-2219.lo
g:3037:pg_restore: error: could not execute query: ERROR:  must be owner of table instances
C:\Users\LENOVO\.gemini\antigravity-ide\brain\4eea2945-e740-4d73-897f-44829510f44a\.system_generated\tasks\task-2219.lo
g:3042:pg_restore: error: could not execute query: ERROR:  must be owner of table mfa_amr_claims
C:\Users\LENOVO\.gemini\antigravity-ide\brain\4eea2945-e740-4d73-897f-44829510f44a\.system_generated\tasks\task-2219.lo
g:3047:pg_restore: error: could not execute query: ERROR:  must be owner of table mfa_challenges
C:\Users\LENOVO\.gemini\antigravity-ide\brain\4eea2945-e740-4d73-897f-44829510f44a\.system_generated\tasks\task-2219.lo
g:3052:pg_restore: error: could not execute query: ERROR:  must be owner of table mfa_factors
C:\Users\LENOVO\.gemini\antigravity-ide\brain\4eea2945-e740-4d73-897f-44829510f44a\.system_generated\tasks\task-2219.lo
g:3057:pg_restore: error: could not execute query: ERROR:  must be owner of table mfa_factors
C:\Users\LENOVO\.gemini\antigravity-ide\brain\4eea2945-e740-4d73-897f-44829510f44a\.system_generated\tasks\task-2219.lo
g:3062:pg_restore: error: could not execute query: ERROR:  must be owner of table oauth_authorizations
C:\Users\LENOVO\.gemini\antigravity-ide\brain\4eea2945-e740-4d73-897f-44829510f44a\.system_generated\tasks\task-2219.lo
g:3067:pg_restore: error: could not execute query: ERROR:  must be owner of table oauth_authorizations
C:\Users\LENOVO\.gemini\antigravity-ide\brain\4eea2945-e740-4d73-897f-44829510f44a\.system_generated\tasks\task-2219.lo
g:3072:pg_restore: error: could not execute query: ERROR:  must be owner of table oauth_authorizations
C:\Users\LENOVO\.gemini\antigravity-ide\brain\4eea2945-e740-4d73-897f-44829510f44a\.system_generated\tasks\task-2219.lo
g:3077:pg_restore: error: could not execute query: ERROR:  must be owner of table oauth_client_states
C:\Users\LENOVO\.gemini\antigravity-ide\brain\4eea2945-e740-4d73-897f-44829510f44a\.system_generated\tasks\task-2219.lo
g:3082:pg_restore: error: could not execute query: ERROR:  must be owner of table oauth_clients
C:\Users\LENOVO\.gemini\antigravity-ide\brain\4eea2945-e740-4d73-897f-44829510f44a\.system_generated\tasks\task-2219.lo
g:3087:pg_restore: error: could not execute query: ERROR:  must be owner of table oauth_consents
C:\Users\LENOVO\.gemini\antigravity-ide\brain\4eea2945-e740-4d73-897f-44829510f44a\.system_generated\tasks\task-2219.lo
g:3092:pg_restore: error: could not execute query: ERROR:  must be owner of table oauth_consents
C:\Users\LENOVO\.gemini\antigravity-ide\brain\4eea2945-e740-4d73-897f-44829510f44a\.system_generated\tasks\task-2219.lo
g:3097:pg_restore: error: could not execute query: ERROR:  must be owner of table one_time_tokens
C:\Users\LENOVO\.gemini\antigravity-ide\brain\4eea2945-e740-4d73-897f-44829510f44a\.system_generated\tasks\task-2219.lo
g:3102:pg_restore: error: could not execute query: ERROR:  must be owner of table refresh_tokens
C:\Users\LENOVO\.gemini\antigravity-ide\brain\4eea2945-e740-4d73-897f-44829510f44a\.system_generated\tasks\task-2219.lo
g:3107:pg_restore: error: could not execute query: ERROR:  must be owner of table refresh_tokens
C:\Users\LENOVO\.gemini\antigravity-ide\brain\4eea2945-e740-4d73-897f-44829510f44a\.system_generated\tasks\task-2219.lo
g:3112:pg_restore: error: could not execute query: ERROR:  must be owner of table saml_providers
C:\Users\LENOVO\.gemini\antigravity-ide\brain\4eea2945-e740-4d73-897f-44829510f44a\.system_generated\tasks\task-2219.lo
g:3117:pg_restore: error: could not execute query: ERROR:  must be owner of table saml_providers
C:\Users\LENOVO\.gemini\antigravity-ide\brain\4eea2945-e740-4d73-897f-44829510f44a\.system_generated\tasks\task-2219.lo
g:3122:pg_restore: error: could not execute query: ERROR:  must be owner of table saml_relay_states
C:\Users\LENOVO\.gemini\antigravity-ide\brain\4eea2945-e740-4d73-897f-44829510f44a\.system_generated\tasks\task-2219.lo
g:3127:pg_restore: error: could not execute query: ERROR:  must be owner of table schema_migrations
C:\Users\LENOVO\.gemini\antigravity-ide\brain\4eea2945-e740-4d73-897f-44829510f44a\.system_generated\tasks\task-2219.lo
g:3132:pg_restore: error: could not execute query: ERROR:  must be owner of table sessions
C:\Users\LENOVO\.gemini\antigravity-ide\brain\4eea2945-e740-4d73-897f-44829510f44a\.system_generated\tasks\task-2219.lo
g:3137:pg_restore: error: could not execute query: ERROR:  must be owner of table sso_domains
C:\Users\LENOVO\.gemini\antigravity-ide\brain\4eea2945-e740-4d73-897f-44829510f44a\.system_generated\tasks\task-2219.lo
g:3142:pg_restore: error: could not execute query: ERROR:  must be owner of table sso_providers
C:\Users\LENOVO\.gemini\antigravity-ide\brain\4eea2945-e740-4d73-897f-44829510f44a\.system_generated\tasks\task-2219.lo
g:3147:pg_restore: error: could not execute query: ERROR:  must be owner of table users
C:\Users\LENOVO\.gemini\antigravity-ide\brain\4eea2945-e740-4d73-897f-44829510f44a\.system_generated\tasks\task-2219.lo
g:3152:pg_restore: error: could not execute query: ERROR:  must be owner of table users
C:\Users\LENOVO\.gemini\antigravity-ide\brain\4eea2945-e740-4d73-897f-44829510f44a\.system_generated\tasks\task-2219.lo
g:3157:pg_restore: error: could not execute query: ERROR:  must be owner of table webauthn_challenges
C:\Users\LENOVO\.gemini\antigravity-ide\brain\4eea2945-e740-4d73-897f-44829510f44a\.system_generated\tasks\task-2219.lo
g:3162:pg_restore: error: could not execute query: ERROR:  must be owner of table webauthn_credentials
C:\Users\LENOVO\.gemini\antigravity-ide\brain\4eea2945-e740-4d73-897f-44829510f44a\.system_generated\tasks\task-2219.lo
g:3167:pg_restore: error: could not execute query: ERROR:  multiple primary keys for table "messages" are not allowed
C:\Users\LENOVO\.gemini\antigravity-ide\brain\4eea2945-e740-4d73-897f-44829510f44a\.system_generated\tasks\task-2219.lo
g:3172:pg_restore: error: could not execute query: ERROR:  multiple primary keys for table "messages_2026_06_28" are 
not allowed
C:\Users\LENOVO\.gemini\antigravity-ide\brain\4eea2945-e740-4d73-897f-44829510f44a\.system_generated\tasks\task-2219.lo
g:3177:pg_restore: error: could not execute query: ERROR:  multiple primary keys for table "messages_2026_06_29" are 
not allowed
C:\Users\LENOVO\.gemini\antigravity-ide\brain\4eea2945-e740-4d73-897f-44829510f44a\.system_generated\tasks\task-2219.lo
g:3182:pg_restore: error: could not execute query: ERROR:  multiple primary keys for table "messages_2026_06_30" are 
not allowed
C:\Users\LENOVO\.gemini\antigravity-ide\brain\4eea2945-e740-4d73-897f-44829510f44a\.system_generated\tasks\task-2219.lo
g:3187:pg_restore: error: could not execute query: ERROR:  multiple primary keys for table "messages_2026_07_01" are 
not allowed
C:\Users\LENOVO\.gemini\antigravity-ide\brain\4eea2945-e740-4d73-897f-44829510f44a\.system_generated\tasks\task-2219.lo
g:3192:pg_restore: error: could not execute query: ERROR:  multiple primary keys for table "messages_2026_07_02" are 
not allowed
C:\Users\LENOVO\.gemini\antigravity-ide\brain\4eea2945-e740-4d73-897f-44829510f44a\.system_generated\tasks\task-2219.lo
g:3197:pg_restore: error: could not execute query: ERROR:  multiple primary keys for table "messages_2026_07_03" are 
not allowed
C:\Users\LENOVO\.gemini\antigravity-ide\brain\4eea2945-e740-4d73-897f-44829510f44a\.system_generated\tasks\task-2219.lo
g:3202:pg_restore: error: could not execute query: ERROR:  constraint "messages_payload_exclusive" for relation 
"messages" already exists
C:\Users\LENOVO\.gemini\antigravity-ide\brain\4eea2945-e740-4d73-897f-44829510f44a\.system_generated\tasks\task-2219.lo
g:3207:pg_restore: error: could not execute query: ERROR:  must be owner of table subscription
C:\Users\LENOVO\.gemini\antigravity-ide\brain\4eea2945-e740-4d73-897f-44829510f44a\.system_generated\tasks\task-2219.lo
g:3212:pg_restore: error: could not execute query: ERROR:  must be owner of table schema_migrations
C:\Users\LENOVO\.gemini\antigravity-ide\brain\4eea2945-e740-4d73-897f-44829510f44a\.system_generated\tasks\task-2219.lo
g:3217:pg_restore: error: could not execute query: ERROR:  must be owner of table buckets_analytics
C:\Users\LENOVO\.gemini\antigravity-ide\brain\4eea2945-e740-4d73-897f-44829510f44a\.system_generated\tasks\task-2219.lo
g:3222:pg_restore: error: could not execute query: ERROR:  must be owner of table buckets
C:\Users\LENOVO\.gemini\antigravity-ide\brain\4eea2945-e740-4d73-897f-44829510f44a\.system_generated\tasks\task-2219.lo
g:3227:pg_restore: error: could not execute query: ERROR:  must be owner of table buckets_vectors
C:\Users\LENOVO\.gemini\antigravity-ide\brain\4eea2945-e740-4d73-897f-44829510f44a\.system_generated\tasks\task-2219.lo
g:3232:pg_restore: error: could not execute query: ERROR:  must be owner of table migrations
C:\Users\LENOVO\.gemini\antigravity-ide\brain\4eea2945-e740-4d73-897f-44829510f44a\.system_generated\tasks\task-2219.lo
g:3237:pg_restore: error: could not execute query: ERROR:  must be owner of table migrations
C:\Users\LENOVO\.gemini\antigravity-ide\brain\4eea2945-e740-4d73-897f-44829510f44a\.system_generated\tasks\task-2219.lo
g:3242:pg_restore: error: could not execute query: ERROR:  must be owner of table objects
C:\Users\LENOVO\.gemini\antigravity-ide\brain\4eea2945-e740-4d73-897f-44829510f44a\.system_generated\tasks\task-2219.lo
g:3247:pg_restore: error: could not execute query: ERROR:  must be owner of table s3_multipart_uploads_parts
C:\Users\LENOVO\.gemini\antigravity-ide\brain\4eea2945-e740-4d73-897f-44829510f44a\.system_generated\tasks\task-2219.lo
g:3252:pg_restore: error: could not execute query: ERROR:  must be owner of table s3_multipart_uploads
C:\Users\LENOVO\.gemini\antigravity-ide\brain\4eea2945-e740-4d73-897f-44829510f44a\.system_generated\tasks\task-2219.lo
g:3257:pg_restore: error: could not execute query: ERROR:  must be owner of table vector_indexes
C:\Users\LENOVO\.gemini\antigravity-ide\brain\4eea2945-e740-4d73-897f-44829510f44a\.system_generated\tasks\task-2219.lo
g:3262:pg_restore: error: could not execute query: ERROR:  relation "schema_migrations_idempotency_key_key" already 
exists
C:\Users\LENOVO\.gemini\antigravity-ide\brain\4eea2945-e740-4d73-897f-44829510f44a\.system_generated\tasks\task-2219.lo
g:3267:pg_restore: error: could not execute query: ERROR:  multiple primary keys for table "schema_migrations" are not 
allowed
C:\Users\LENOVO\.gemini\antigravity-ide\brain\4eea2945-e740-4d73-897f-44829510f44a\.system_generated\tasks\task-2219.lo
g:3272:pg_restore: error: could not execute query: ERROR:  must be owner of table audit_log_entries
C:\Users\LENOVO\.gemini\antigravity-ide\brain\4eea2945-e740-4d73-897f-44829510f44a\.system_generated\tasks\task-2219.lo
g:3276:pg_restore: error: could not execute query: ERROR:  must be owner of table users
C:\Users\LENOVO\.gemini\antigravity-ide\brain\4eea2945-e740-4d73-897f-44829510f44a\.system_generated\tasks\task-2219.lo
g:3280:pg_restore: error: could not execute query: ERROR:  must be owner of table custom_oauth_providers
C:\Users\LENOVO\.gemini\antigravity-ide\brain\4eea2945-e740-4d73-897f-44829510f44a\.system_generated\tasks\task-2219.lo
g:3284:pg_restore: error: could not execute query: ERROR:  must be owner of table custom_oauth_providers
C:\Users\LENOVO\.gemini\antigravity-ide\brain\4eea2945-e740-4d73-897f-44829510f44a\.system_generated\tasks\task-2219.lo
g:3288:pg_restore: error: could not execute query: ERROR:  must be owner of table custom_oauth_providers
C:\Users\LENOVO\.gemini\antigravity-ide\brain\4eea2945-e740-4d73-897f-44829510f44a\.system_generated\tasks\task-2219.lo
g:3292:pg_restore: error: could not execute query: ERROR:  must be owner of table custom_oauth_providers
C:\Users\LENOVO\.gemini\antigravity-ide\brain\4eea2945-e740-4d73-897f-44829510f44a\.system_generated\tasks\task-2219.lo
g:3296:pg_restore: error: could not execute query: ERROR:  must be owner of table users
C:\Users\LENOVO\.gemini\antigravity-ide\brain\4eea2945-e740-4d73-897f-44829510f44a\.system_generated\tasks\task-2219.lo
g:3300:pg_restore: error: could not execute query: ERROR:  must be owner of table users
C:\Users\LENOVO\.gemini\antigravity-ide\brain\4eea2945-e740-4d73-897f-44829510f44a\.system_generated\tasks\task-2219.lo
g:3304:pg_restore: error: could not execute query: ERROR:  must be owner of table mfa_factors
C:\Users\LENOVO\.gemini\antigravity-ide\brain\4eea2945-e740-4d73-897f-44829510f44a\.system_generated\tasks\task-2219.lo
g:3308:pg_restore: error: could not execute query: ERROR:  must be owner of table flow_state
C:\Users\LENOVO\.gemini\antigravity-ide\brain\4eea2945-e740-4d73-897f-44829510f44a\.system_generated\tasks\task-2219.lo
g:3312:pg_restore: error: could not execute query: ERROR:  must be owner of table identities
C:\Users\LENOVO\.gemini\antigravity-ide\brain\4eea2945-e740-4d73-897f-44829510f44a\.system_generated\tasks\task-2219.lo
g:3316:pg_restore: error: could not execute query: ERROR:  must be owner of index identities_email_idx
C:\Users\LENOVO\.gemini\antigravity-ide\brain\4eea2945-e740-4d73-897f-44829510f44a\.system_generated\tasks\task-2219.lo
g:3320:pg_restore: error: could not execute query: ERROR:  must be owner of table identities
C:\Users\LENOVO\.gemini\antigravity-ide\brain\4eea2945-e740-4d73-897f-44829510f44a\.system_generated\tasks\task-2219.lo
g:3324:pg_restore: error: could not execute query: ERROR:  must be owner of table flow_state
C:\Users\LENOVO\.gemini\antigravity-ide\brain\4eea2945-e740-4d73-897f-44829510f44a\.system_generated\tasks\task-2219.lo
g:3328:pg_restore: error: could not execute query: ERROR:  must be owner of table oauth_client_states
C:\Users\LENOVO\.gemini\antigravity-ide\brain\4eea2945-e740-4d73-897f-44829510f44a\.system_generated\tasks\task-2219.lo
g:3332:pg_restore: error: could not execute query: ERROR:  must be owner of table flow_state
C:\Users\LENOVO\.gemini\antigravity-ide\brain\4eea2945-e740-4d73-897f-44829510f44a\.system_generated\tasks\task-2219.lo
g:3336:pg_restore: error: could not execute query: ERROR:  must be owner of table users
C:\Users\LENOVO\.gemini\antigravity-ide\brain\4eea2945-e740-4d73-897f-44829510f44a\.system_generated\tasks\task-2219.lo
g:3340:pg_restore: error: could not execute query: ERROR:  must be owner of table users
C:\Users\LENOVO\.gemini\antigravity-ide\brain\4eea2945-e740-4d73-897f-44829510f44a\.system_generated\tasks\task-2219.lo
g:3344:pg_restore: error: could not execute query: ERROR:  must be owner of table users
C:\Users\LENOVO\.gemini\antigravity-ide\brain\4eea2945-e740-4d73-897f-44829510f44a\.system_generated\tasks\task-2219.lo
g:3348:pg_restore: error: could not execute query: ERROR:  must be owner of table users
C:\Users\LENOVO\.gemini\antigravity-ide\brain\4eea2945-e740-4d73-897f-44829510f44a\.system_generated\tasks\task-2219.lo
g:3352:pg_restore: error: could not execute query: ERROR:  must be owner of table mfa_challenges
C:\Users\LENOVO\.gemini\antigravity-ide\brain\4eea2945-e740-4d73-897f-44829510f44a\.system_generated\tasks\task-2219.lo
g:3356:pg_restore: error: could not execute query: ERROR:  must be owner of table mfa_factors
C:\Users\LENOVO\.gemini\antigravity-ide\brain\4eea2945-e740-4d73-897f-44829510f44a\.system_generated\tasks\task-2219.lo
g:3360:pg_restore: error: could not execute query: ERROR:  must be owner of table mfa_factors
C:\Users\LENOVO\.gemini\antigravity-ide\brain\4eea2945-e740-4d73-897f-44829510f44a\.system_generated\tasks\task-2219.lo
g:3364:pg_restore: error: could not execute query: ERROR:  must be owner of table oauth_authorizations
C:\Users\LENOVO\.gemini\antigravity-ide\brain\4eea2945-e740-4d73-897f-44829510f44a\.system_generated\tasks\task-2219.lo
g:3368:pg_restore: error: could not execute query: ERROR:  must be owner of table oauth_clients
C:\Users\LENOVO\.gemini\antigravity-ide\brain\4eea2945-e740-4d73-897f-44829510f44a\.system_generated\tasks\task-2219.lo
g:3372:pg_restore: error: could not execute query: ERROR:  must be owner of table oauth_consents
C:\Users\LENOVO\.gemini\antigravity-ide\brain\4eea2945-e740-4d73-897f-44829510f44a\.system_generated\tasks\task-2219.lo
g:3376:pg_restore: error: could not execute query: ERROR:  must be owner of table oauth_consents
C:\Users\LENOVO\.gemini\antigravity-ide\brain\4eea2945-e740-4d73-897f-44829510f44a\.system_generated\tasks\task-2219.lo
g:3380:pg_restore: error: could not execute query: ERROR:  must be owner of table oauth_consents
C:\Users\LENOVO\.gemini\antigravity-ide\brain\4eea2945-e740-4d73-897f-44829510f44a\.system_generated\tasks\task-2219.lo
g:3384:pg_restore: error: could not execute query: ERROR:  must be owner of table one_time_tokens
C:\Users\LENOVO\.gemini\antigravity-ide\brain\4eea2945-e740-4d73-897f-44829510f44a\.system_generated\tasks\task-2219.lo
g:3388:pg_restore: error: could not execute query: ERROR:  must be owner of table one_time_tokens
C:\Users\LENOVO\.gemini\antigravity-ide\brain\4eea2945-e740-4d73-897f-44829510f44a\.system_generated\tasks\task-2219.lo
g:3392:pg_restore: error: could not execute query: ERROR:  must be owner of table one_time_tokens
C:\Users\LENOVO\.gemini\antigravity-ide\brain\4eea2945-e740-4d73-897f-44829510f44a\.system_generated\tasks\task-2219.lo
g:3396:pg_restore: error: could not execute query: ERROR:  must be owner of table users
C:\Users\LENOVO\.gemini\antigravity-ide\brain\4eea2945-e740-4d73-897f-44829510f44a\.system_generated\tasks\task-2219.lo
g:3400:pg_restore: error: could not execute query: ERROR:  must be owner of table users
C:\Users\LENOVO\.gemini\antigravity-ide\brain\4eea2945-e740-4d73-897f-44829510f44a\.system_generated\tasks\task-2219.lo
g:3404:pg_restore: error: could not execute query: ERROR:  must be owner of table refresh_tokens
C:\Users\LENOVO\.gemini\antigravity-ide\brain\4eea2945-e740-4d73-897f-44829510f44a\.system_generated\tasks\task-2219.lo
g:3408:pg_restore: error: could not execute query: ERROR:  must be owner of table refresh_tokens
C:\Users\LENOVO\.gemini\antigravity-ide\brain\4eea2945-e740-4d73-897f-44829510f44a\.system_generated\tasks\task-2219.lo
g:3412:pg_restore: error: could not execute query: ERROR:  must be owner of table refresh_tokens
C:\Users\LENOVO\.gemini\antigravity-ide\brain\4eea2945-e740-4d73-897f-44829510f44a\.system_generated\tasks\task-2219.lo
g:3416:pg_restore: error: could not execute query: ERROR:  must be owner of table refresh_tokens
C:\Users\LENOVO\.gemini\antigravity-ide\brain\4eea2945-e740-4d73-897f-44829510f44a\.system_generated\tasks\task-2219.lo
g:3420:pg_restore: error: could not execute query: ERROR:  must be owner of table refresh_tokens
C:\Users\LENOVO\.gemini\antigravity-ide\brain\4eea2945-e740-4d73-897f-44829510f44a\.system_generated\tasks\task-2219.lo
g:3424:pg_restore: error: could not execute query: ERROR:  must be owner of table saml_providers
C:\Users\LENOVO\.gemini\antigravity-ide\brain\4eea2945-e740-4d73-897f-44829510f44a\.system_generated\tasks\task-2219.lo
g:3428:pg_restore: error: could not execute query: ERROR:  must be owner of table saml_relay_states
C:\Users\LENOVO\.gemini\antigravity-ide\brain\4eea2945-e740-4d73-897f-44829510f44a\.system_generated\tasks\task-2219.lo
g:3432:pg_restore: error: could not execute query: ERROR:  must be owner of table saml_relay_states
C:\Users\LENOVO\.gemini\antigravity-ide\brain\4eea2945-e740-4d73-897f-44829510f44a\.system_generated\tasks\task-2219.lo
g:3436:pg_restore: error: could not execute query: ERROR:  must be owner of table saml_relay_states
C:\Users\LENOVO\.gemini\antigravity-ide\brain\4eea2945-e740-4d73-897f-44829510f44a\.system_generated\tasks\task-2219.lo
g:3440:pg_restore: error: could not execute query: ERROR:  must be owner of table sessions
C:\Users\LENOVO\.gemini\antigravity-ide\brain\4eea2945-e740-4d73-897f-44829510f44a\.system_generated\tasks\task-2219.lo
g:3444:pg_restore: error: could not execute query: ERROR:  must be owner of table sessions
C:\Users\LENOVO\.gemini\antigravity-ide\brain\4eea2945-e740-4d73-897f-44829510f44a\.system_generated\tasks\task-2219.lo
g:3448:pg_restore: error: could not execute query: ERROR:  must be owner of table sessions
C:\Users\LENOVO\.gemini\antigravity-ide\brain\4eea2945-e740-4d73-897f-44829510f44a\.system_generated\tasks\task-2219.lo
g:3452:pg_restore: error: could not execute query: ERROR:  must be owner of table sso_domains
C:\Users\LENOVO\.gemini\antigravity-ide\brain\4eea2945-e740-4d73-897f-44829510f44a\.system_generated\tasks\task-2219.lo
g:3456:pg_restore: error: could not execute query: ERROR:  must be owner of table sso_domains
C:\Users\LENOVO\.gemini\antigravity-ide\brain\4eea2945-e740-4d73-897f-44829510f44a\.system_generated\tasks\task-2219.lo
g:3460:pg_restore: error: could not execute query: ERROR:  must be owner of table sso_providers
C:\Users\LENOVO\.gemini\antigravity-ide\brain\4eea2945-e740-4d73-897f-44829510f44a\.system_generated\tasks\task-2219.lo
g:3464:pg_restore: error: could not execute query: ERROR:  must be owner of table sso_providers
C:\Users\LENOVO\.gemini\antigravity-ide\brain\4eea2945-e740-4d73-897f-44829510f44a\.system_generated\tasks\task-2219.lo
g:3468:pg_restore: error: could not execute query: ERROR:  must be owner of table mfa_factors
C:\Users\LENOVO\.gemini\antigravity-ide\brain\4eea2945-e740-4d73-897f-44829510f44a\.system_generated\tasks\task-2219.lo
g:3472:pg_restore: error: could not execute query: ERROR:  must be owner of table sessions
C:\Users\LENOVO\.gemini\antigravity-ide\brain\4eea2945-e740-4d73-897f-44829510f44a\.system_generated\tasks\task-2219.lo
g:3476:pg_restore: error: could not execute query: ERROR:  must be owner of table users
C:\Users\LENOVO\.gemini\antigravity-ide\brain\4eea2945-e740-4d73-897f-44829510f44a\.system_generated\tasks\task-2219.lo
g:3480:pg_restore: error: could not execute query: ERROR:  must be owner of index users_email_partial_key
C:\Users\LENOVO\.gemini\antigravity-ide\brain\4eea2945-e740-4d73-897f-44829510f44a\.system_generated\tasks\task-2219.lo
g:3484:pg_restore: error: could not execute query: ERROR:  must be owner of table users
C:\Users\LENOVO\.gemini\antigravity-ide\brain\4eea2945-e740-4d73-897f-44829510f44a\.system_generated\tasks\task-2219.lo
g:3488:pg_restore: error: could not execute query: ERROR:  must be owner of table users
C:\Users\LENOVO\.gemini\antigravity-ide\brain\4eea2945-e740-4d73-897f-44829510f44a\.system_generated\tasks\task-2219.lo
g:3492:pg_restore: error: could not execute query: ERROR:  must be owner of table users
C:\Users\LENOVO\.gemini\antigravity-ide\brain\4eea2945-e740-4d73-897f-44829510f44a\.system_generated\tasks\task-2219.lo
g:3496:pg_restore: error: could not execute query: ERROR:  must be owner of table webauthn_challenges
C:\Users\LENOVO\.gemini\antigravity-ide\brain\4eea2945-e740-4d73-897f-44829510f44a\.system_generated\tasks\task-2219.lo
g:3500:pg_restore: error: could not execute query: ERROR:  must be owner of table webauthn_challenges
C:\Users\LENOVO\.gemini\antigravity-ide\brain\4eea2945-e740-4d73-897f-44829510f44a\.system_generated\tasks\task-2219.lo
g:3504:pg_restore: error: could not execute query: ERROR:  must be owner of table webauthn_credentials
C:\Users\LENOVO\.gemini\antigravity-ide\brain\4eea2945-e740-4d73-897f-44829510f44a\.system_generated\tasks\task-2219.lo
g:3508:pg_restore: error: could not execute query: ERROR:  must be owner of table webauthn_credentials
C:\Users\LENOVO\.gemini\antigravity-ide\brain\4eea2945-e740-4d73-897f-44829510f44a\.system_generated\tasks\task-2219.lo
g:3512:pg_restore: error: could not execute query: ERROR:  must be owner of table subscription
C:\Users\LENOVO\.gemini\antigravity-ide\brain\4eea2945-e740-4d73-897f-44829510f44a\.system_generated\tasks\task-2219.lo
g:3516:pg_restore: error: could not execute query: ERROR:  relation "messages_inserted_at_topic_index" already exists
C:\Users\LENOVO\.gemini\antigravity-ide\brain\4eea2945-e740-4d73-897f-44829510f44a\.system_generated\tasks\task-2219.lo
g:3520:pg_restore: error: could not execute query: ERROR:  relation "messages_2026_06_28_inserted_at_topic_idx" 
already exists
C:\Users\LENOVO\.gemini\antigravity-ide\brain\4eea2945-e740-4d73-897f-44829510f44a\.system_generated\tasks\task-2219.lo
g:3524:pg_restore: error: could not execute query: ERROR:  relation "messages_2026_06_29_inserted_at_topic_idx" 
already exists
C:\Users\LENOVO\.gemini\antigravity-ide\brain\4eea2945-e740-4d73-897f-44829510f44a\.system_generated\tasks\task-2219.lo
g:3528:pg_restore: error: could not execute query: ERROR:  relation "messages_2026_06_30_inserted_at_topic_idx" 
already exists
C:\Users\LENOVO\.gemini\antigravity-ide\brain\4eea2945-e740-4d73-897f-44829510f44a\.system_generated\tasks\task-2219.lo
g:3532:pg_restore: error: could not execute query: ERROR:  relation "messages_2026_07_01_inserted_at_topic_idx" 
already exists
C:\Users\LENOVO\.gemini\antigravity-ide\brain\4eea2945-e740-4d73-897f-44829510f44a\.system_generated\tasks\task-2219.lo
g:3536:pg_restore: error: could not execute query: ERROR:  relation "messages_2026_07_02_inserted_at_topic_idx" 
already exists
C:\Users\LENOVO\.gemini\antigravity-ide\brain\4eea2945-e740-4d73-897f-44829510f44a\.system_generated\tasks\task-2219.lo
g:3540:pg_restore: error: could not execute query: ERROR:  relation "messages_2026_07_03_inserted_at_topic_idx" 
already exists
C:\Users\LENOVO\.gemini\antigravity-ide\brain\4eea2945-e740-4d73-897f-44829510f44a\.system_generated\tasks\task-2219.lo
g:3544:pg_restore: error: could not execute query: ERROR:  must be owner of table subscription
C:\Users\LENOVO\.gemini\antigravity-ide\brain\4eea2945-e740-4d73-897f-44829510f44a\.system_generated\tasks\task-2219.lo
g:3548:pg_restore: error: could not execute query: ERROR:  must be owner of table buckets
C:\Users\LENOVO\.gemini\antigravity-ide\brain\4eea2945-e740-4d73-897f-44829510f44a\.system_generated\tasks\task-2219.lo
g:3552:pg_restore: error: could not execute query: ERROR:  must be owner of table objects
C:\Users\LENOVO\.gemini\antigravity-ide\brain\4eea2945-e740-4d73-897f-44829510f44a\.system_generated\tasks\task-2219.lo
g:3556:pg_restore: error: could not execute query: ERROR:  must be owner of table buckets_analytics
C:\Users\LENOVO\.gemini\antigravity-ide\brain\4eea2945-e740-4d73-897f-44829510f44a\.system_generated\tasks\task-2219.lo
g:3560:pg_restore: error: could not execute query: ERROR:  must be owner of table s3_multipart_uploads
C:\Users\LENOVO\.gemini\antigravity-ide\brain\4eea2945-e740-4d73-897f-44829510f44a\.system_generated\tasks\task-2219.lo
g:3564:pg_restore: error: could not execute query: ERROR:  must be owner of table objects
C:\Users\LENOVO\.gemini\antigravity-ide\brain\4eea2945-e740-4d73-897f-44829510f44a\.system_generated\tasks\task-2219.lo
g:3568:pg_restore: error: could not execute query: ERROR:  must be owner of table objects
C:\Users\LENOVO\.gemini\antigravity-ide\brain\4eea2945-e740-4d73-897f-44829510f44a\.system_generated\tasks\task-2219.lo
g:3572:pg_restore: error: could not execute query: ERROR:  must be owner of table objects
C:\Users\LENOVO\.gemini\antigravity-ide\brain\4eea2945-e740-4d73-897f-44829510f44a\.system_generated\tasks\task-2219.lo
g:3576:pg_restore: error: could not execute query: ERROR:  must be owner of table vector_indexes
C:\Users\LENOVO\.gemini\antigravity-ide\brain\4eea2945-e740-4d73-897f-44829510f44a\.system_generated\tasks\task-2219.lo
g:3580:pg_restore: error: could not execute query: ERROR:  trigger "tr_check_filters" for relation "subscription" 
already exists
C:\Users\LENOVO\.gemini\antigravity-ide\brain\4eea2945-e740-4d73-897f-44829510f44a\.system_generated\tasks\task-2219.lo
g:3584:pg_restore: error: could not execute query: ERROR:  trigger "enforce_bucket_name_length_trigger" for relation 
"buckets" already exists
C:\Users\LENOVO\.gemini\antigravity-ide\brain\4eea2945-e740-4d73-897f-44829510f44a\.system_generated\tasks\task-2219.lo
g:3588:pg_restore: error: could not execute query: ERROR:  trigger "protect_buckets_delete" for relation "buckets" 
already exists
C:\Users\LENOVO\.gemini\antigravity-ide\brain\4eea2945-e740-4d73-897f-44829510f44a\.system_generated\tasks\task-2219.lo
g:3592:pg_restore: error: could not execute query: ERROR:  trigger "protect_objects_delete" for relation "objects" 
already exists
C:\Users\LENOVO\.gemini\antigravity-ide\brain\4eea2945-e740-4d73-897f-44829510f44a\.system_generated\tasks\task-2219.lo
g:3596:pg_restore: error: could not execute query: ERROR:  trigger "update_objects_updated_at" for relation "objects" 
already exists
C:\Users\LENOVO\.gemini\antigravity-ide\brain\4eea2945-e740-4d73-897f-44829510f44a\.system_generated\tasks\task-2219.lo
g:3600:pg_restore: error: could not execute query: ERROR:  must be owner of table identities
C:\Users\LENOVO\.gemini\antigravity-ide\brain\4eea2945-e740-4d73-897f-44829510f44a\.system_generated\tasks\task-2219.lo
g:3605:pg_restore: error: could not execute query: ERROR:  must be owner of table mfa_amr_claims
C:\Users\LENOVO\.gemini\antigravity-ide\brain\4eea2945-e740-4d73-897f-44829510f44a\.system_generated\tasks\task-2219.lo
g:3610:pg_restore: error: could not execute query: ERROR:  must be owner of table mfa_challenges
C:\Users\LENOVO\.gemini\antigravity-ide\brain\4eea2945-e740-4d73-897f-44829510f44a\.system_generated\tasks\task-2219.lo
g:3615:pg_restore: error: could not execute query: ERROR:  must be owner of table mfa_factors
C:\Users\LENOVO\.gemini\antigravity-ide\brain\4eea2945-e740-4d73-897f-44829510f44a\.system_generated\tasks\task-2219.lo
g:3620:pg_restore: error: could not execute query: ERROR:  must be owner of table oauth_authorizations
C:\Users\LENOVO\.gemini\antigravity-ide\brain\4eea2945-e740-4d73-897f-44829510f44a\.system_generated\tasks\task-2219.lo
g:3625:pg_restore: error: could not execute query: ERROR:  must be owner of table oauth_authorizations
C:\Users\LENOVO\.gemini\antigravity-ide\brain\4eea2945-e740-4d73-897f-44829510f44a\.system_generated\tasks\task-2219.lo
g:3630:pg_restore: error: could not execute query: ERROR:  must be owner of table oauth_consents
C:\Users\LENOVO\.gemini\antigravity-ide\brain\4eea2945-e740-4d73-897f-44829510f44a\.system_generated\tasks\task-2219.lo
g:3635:pg_restore: error: could not execute query: ERROR:  must be owner of table oauth_consents
C:\Users\LENOVO\.gemini\antigravity-ide\brain\4eea2945-e740-4d73-897f-44829510f44a\.system_generated\tasks\task-2219.lo
g:3640:pg_restore: error: could not execute query: ERROR:  must be owner of table one_time_tokens
C:\Users\LENOVO\.gemini\antigravity-ide\brain\4eea2945-e740-4d73-897f-44829510f44a\.system_generated\tasks\task-2219.lo
g:3645:pg_restore: error: could not execute query: ERROR:  must be owner of table refresh_tokens
C:\Users\LENOVO\.gemini\antigravity-ide\brain\4eea2945-e740-4d73-897f-44829510f44a\.system_generated\tasks\task-2219.lo
g:3650:pg_restore: error: could not execute query: ERROR:  must be owner of table saml_providers
C:\Users\LENOVO\.gemini\antigravity-ide\brain\4eea2945-e740-4d73-897f-44829510f44a\.system_generated\tasks\task-2219.lo
g:3655:pg_restore: error: could not execute query: ERROR:  must be owner of table saml_relay_states
C:\Users\LENOVO\.gemini\antigravity-ide\brain\4eea2945-e740-4d73-897f-44829510f44a\.system_generated\tasks\task-2219.lo
g:3660:pg_restore: error: could not execute query: ERROR:  must be owner of table saml_relay_states
C:\Users\LENOVO\.gemini\antigravity-ide\brain\4eea2945-e740-4d73-897f-44829510f44a\.system_generated\tasks\task-2219.lo
g:3665:pg_restore: error: could not execute query: ERROR:  must be owner of table sessions
C:\Users\LENOVO\.gemini\antigravity-ide\brain\4eea2945-e740-4d73-897f-44829510f44a\.system_generated\tasks\task-2219.lo
g:3670:pg_restore: error: could not execute query: ERROR:  must be owner of table sessions
C:\Users\LENOVO\.gemini\antigravity-ide\brain\4eea2945-e740-4d73-897f-44829510f44a\.system_generated\tasks\task-2219.lo
g:3675:pg_restore: error: could not execute query: ERROR:  must be owner of table sso_domains
C:\Users\LENOVO\.gemini\antigravity-ide\brain\4eea2945-e740-4d73-897f-44829510f44a\.system_generated\tasks\task-2219.lo
g:3680:pg_restore: error: could not execute query: ERROR:  must be owner of table webauthn_challenges
C:\Users\LENOVO\.gemini\antigravity-ide\brain\4eea2945-e740-4d73-897f-44829510f44a\.system_generated\tasks\task-2219.lo
g:3685:pg_restore: error: could not execute query: ERROR:  must be owner of table webauthn_credentials
C:\Users\LENOVO\.gemini\antigravity-ide\brain\4eea2945-e740-4d73-897f-44829510f44a\.system_generated\tasks\task-2219.lo
g:3690:pg_restore: error: could not execute query: ERROR:  insert or update on table "admin_audit_log" violates 
foreign key constraint "admin_audit_log_actor_id_fkey"
C:\Users\LENOVO\.gemini\antigravity-ide\brain\4eea2945-e740-4d73-897f-44829510f44a\.system_generated\tasks\task-2219.lo
g:3696:pg_restore: error: could not execute query: ERROR:  insert or update on table "connections" violates foreign 
key constraint "connections_addressee_id_fkey"
C:\Users\LENOVO\.gemini\antigravity-ide\brain\4eea2945-e740-4d73-897f-44829510f44a\.system_generated\tasks\task-2219.lo
g:3702:pg_restore: error: could not execute query: ERROR:  insert or update on table "connections" violates foreign 
key constraint "connections_requester_id_fkey"
C:\Users\LENOVO\.gemini\antigravity-ide\brain\4eea2945-e740-4d73-897f-44829510f44a\.system_generated\tasks\task-2219.lo
g:3708:pg_restore: error: could not execute query: ERROR:  insert or update on table "conversations" violates foreign 
key constraint "conversations_broker_a_fkey"
C:\Users\LENOVO\.gemini\antigravity-ide\brain\4eea2945-e740-4d73-897f-44829510f44a\.system_generated\tasks\task-2219.lo
g:3714:pg_restore: error: could not execute query: ERROR:  insert or update on table "conversations" violates foreign 
key constraint "conversations_broker_b_fkey"
C:\Users\LENOVO\.gemini\antigravity-ide\brain\4eea2945-e740-4d73-897f-44829510f44a\.system_generated\tasks\task-2219.lo
g:3720:pg_restore: error: could not execute query: ERROR:  insert or update on table "kyc_documents" violates foreign 
key constraint "kyc_documents_broker_id_fkey"
C:\Users\LENOVO\.gemini\antigravity-ide\brain\4eea2945-e740-4d73-897f-44829510f44a\.system_generated\tasks\task-2219.lo
g:3726:pg_restore: error: could not execute query: ERROR:  insert or update on table "kyc_documents" violates foreign 
key constraint "kyc_documents_reviewer_id_fkey"
C:\Users\LENOVO\.gemini\antigravity-ide\brain\4eea2945-e740-4d73-897f-44829510f44a\.system_generated\tasks\task-2219.lo
g:3732:pg_restore: error: could not execute query: ERROR:  insert or update on table "leads" violates foreign key 
constraint "leads_owner_id_fkey"
C:\Users\LENOVO\.gemini\antigravity-ide\brain\4eea2945-e740-4d73-897f-44829510f44a\.system_generated\tasks\task-2219.lo
g:3738:pg_restore: error: could not execute query: ERROR:  insert or update on table "listing_status_history" violates 
foreign key constraint "listing_status_history_moderator_id_fkey"
C:\Users\LENOVO\.gemini\antigravity-ide\brain\4eea2945-e740-4d73-897f-44829510f44a\.system_generated\tasks\task-2219.lo
g:3744:pg_restore: error: could not execute query: ERROR:  insert or update on table "listings" violates foreign key 
constraint "listings_broker_id_fkey"
C:\Users\LENOVO\.gemini\antigravity-ide\brain\4eea2945-e740-4d73-897f-44829510f44a\.system_generated\tasks\task-2219.lo
g:3750:pg_restore: error: could not execute query: ERROR:  insert or update on table "messages" violates foreign key 
constraint "messages_sender_id_fkey"
C:\Users\LENOVO\.gemini\antigravity-ide\brain\4eea2945-e740-4d73-897f-44829510f44a\.system_generated\tasks\task-2219.lo
g:3756:pg_restore: error: could not execute query: ERROR:  insert or update on table "notifications" violates foreign 
key constraint "notifications_user_id_fkey"
C:\Users\LENOVO\.gemini\antigravity-ide\brain\4eea2945-e740-4d73-897f-44829510f44a\.system_generated\tasks\task-2219.lo
g:3762:pg_restore: error: could not execute query: ERROR:  insert or update on table "page_revisions" violates foreign 
key constraint "page_revisions_editor_id_fkey"
C:\Users\LENOVO\.gemini\antigravity-ide\brain\4eea2945-e740-4d73-897f-44829510f44a\.system_generated\tasks\task-2219.lo
g:3768:pg_restore: error: could not execute query: ERROR:  insert or update on table "pages" violates foreign key 
constraint "pages_author_id_fkey"
C:\Users\LENOVO\.gemini\antigravity-ide\brain\4eea2945-e740-4d73-897f-44829510f44a\.system_generated\tasks\task-2219.lo
g:3774:pg_restore: error: could not execute query: ERROR:  insert or update on table "profiles" violates foreign key 
constraint "profiles_id_fkey"
C:\Users\LENOVO\.gemini\antigravity-ide\brain\4eea2945-e740-4d73-897f-44829510f44a\.system_generated\tasks\task-2219.lo
g:3780:pg_restore: error: could not execute query: ERROR:  insert or update on table "subscriptions" violates foreign 
key constraint "subscriptions_user_id_fkey"
C:\Users\LENOVO\.gemini\antigravity-ide\brain\4eea2945-e740-4d73-897f-44829510f44a\.system_generated\tasks\task-2219.lo
g:3786:pg_restore: error: could not execute query: ERROR:  insert or update on table "support_internal_notes" violates 
foreign key constraint "support_internal_notes_author_id_fkey"
C:\Users\LENOVO\.gemini\antigravity-ide\brain\4eea2945-e740-4d73-897f-44829510f44a\.system_generated\tasks\task-2219.lo
g:3792:pg_restore: error: could not execute query: ERROR:  insert or update on table "support_messages" violates 
foreign key constraint "support_messages_sender_id_fkey"
C:\Users\LENOVO\.gemini\antigravity-ide\brain\4eea2945-e740-4d73-897f-44829510f44a\.system_generated\tasks\task-2219.lo
g:3798:pg_restore: error: could not execute query: ERROR:  insert or update on table "support_threads" violates 
foreign key constraint "support_threads_assigned_to_fkey"
C:\Users\LENOVO\.gemini\antigravity-ide\brain\4eea2945-e740-4d73-897f-44829510f44a\.system_generated\tasks\task-2219.lo
g:3804:pg_restore: error: could not execute query: ERROR:  insert or update on table "support_threads" violates 
foreign key constraint "support_threads_opener_id_fkey"
C:\Users\LENOVO\.gemini\antigravity-ide\brain\4eea2945-e740-4d73-897f-44829510f44a\.system_generated\tasks\task-2219.lo
g:3810:pg_restore: error: could not execute query: ERROR:  insert or update on table "user_roles" violates foreign key 
constraint "user_roles_user_id_fkey"
C:\Users\LENOVO\.gemini\antigravity-ide\brain\4eea2945-e740-4d73-897f-44829510f44a\.system_generated\tasks\task-2219.lo
g:3816:pg_restore: error: could not execute query: ERROR:  must be owner of table objects
C:\Users\LENOVO\.gemini\antigravity-ide\brain\4eea2945-e740-4d73-897f-44829510f44a\.system_generated\tasks\task-2219.lo
g:3821:pg_restore: error: could not execute query: ERROR:  must be owner of table s3_multipart_uploads
C:\Users\LENOVO\.gemini\antigravity-ide\brain\4eea2945-e740-4d73-897f-44829510f44a\.system_generated\tasks\task-2219.lo
g:3826:pg_restore: error: could not execute query: ERROR:  must be owner of table s3_multipart_uploads_parts
C:\Users\LENOVO\.gemini\antigravity-ide\brain\4eea2945-e740-4d73-897f-44829510f44a\.system_generated\tasks\task-2219.lo
g:3831:pg_restore: error: could not execute query: ERROR:  must be owner of table s3_multipart_uploads_parts
C:\Users\LENOVO\.gemini\antigravity-ide\brain\4eea2945-e740-4d73-897f-44829510f44a\.system_generated\tasks\task-2219.lo
g:3836:pg_restore: error: could not execute query: ERROR:  must be owner of table vector_indexes
C:\Users\LENOVO\.gemini\antigravity-ide\brain\4eea2945-e740-4d73-897f-44829510f44a\.system_generated\tasks\task-2219.lo
g:3841:pg_restore: error: could not execute query: ERROR:  must be owner of table audit_log_entries
C:\Users\LENOVO\.gemini\antigravity-ide\brain\4eea2945-e740-4d73-897f-44829510f44a\.system_generated\tasks\task-2219.lo
g:3844:pg_restore: error: could not execute query: ERROR:  must be owner of table flow_state
C:\Users\LENOVO\.gemini\antigravity-ide\brain\4eea2945-e740-4d73-897f-44829510f44a\.system_generated\tasks\task-2219.lo
g:3847:pg_restore: error: could not execute query: ERROR:  must be owner of table identities
C:\Users\LENOVO\.gemini\antigravity-ide\brain\4eea2945-e740-4d73-897f-44829510f44a\.system_generated\tasks\task-2219.lo
g:3850:pg_restore: error: could not execute query: ERROR:  must be owner of table instances
C:\Users\LENOVO\.gemini\antigravity-ide\brain\4eea2945-e740-4d73-897f-44829510f44a\.system_generated\tasks\task-2219.lo
g:3853:pg_restore: error: could not execute query: ERROR:  must be owner of table mfa_amr_claims
C:\Users\LENOVO\.gemini\antigravity-ide\brain\4eea2945-e740-4d73-897f-44829510f44a\.system_generated\tasks\task-2219.lo
g:3856:pg_restore: error: could not execute query: ERROR:  must be owner of table mfa_challenges
C:\Users\LENOVO\.gemini\antigravity-ide\brain\4eea2945-e740-4d73-897f-44829510f44a\.system_generated\tasks\task-2219.lo
g:3859:pg_restore: error: could not execute query: ERROR:  must be owner of table mfa_factors
C:\Users\LENOVO\.gemini\antigravity-ide\brain\4eea2945-e740-4d73-897f-44829510f44a\.system_generated\tasks\task-2219.lo
g:3862:pg_restore: error: could not execute query: ERROR:  must be owner of table one_time_tokens
C:\Users\LENOVO\.gemini\antigravity-ide\brain\4eea2945-e740-4d73-897f-44829510f44a\.system_generated\tasks\task-2219.lo
g:3865:pg_restore: error: could not execute query: ERROR:  must be owner of table refresh_tokens
C:\Users\LENOVO\.gemini\antigravity-ide\brain\4eea2945-e740-4d73-897f-44829510f44a\.system_generated\tasks\task-2219.lo
g:3868:pg_restore: error: could not execute query: ERROR:  must be owner of table saml_providers
C:\Users\LENOVO\.gemini\antigravity-ide\brain\4eea2945-e740-4d73-897f-44829510f44a\.system_generated\tasks\task-2219.lo
g:3871:pg_restore: error: could not execute query: ERROR:  must be owner of table saml_relay_states
C:\Users\LENOVO\.gemini\antigravity-ide\brain\4eea2945-e740-4d73-897f-44829510f44a\.system_generated\tasks\task-2219.lo
g:3874:pg_restore: error: could not execute query: ERROR:  must be owner of table schema_migrations
C:\Users\LENOVO\.gemini\antigravity-ide\brain\4eea2945-e740-4d73-897f-44829510f44a\.system_generated\tasks\task-2219.lo
g:3877:pg_restore: error: could not execute query: ERROR:  must be owner of table sessions
C:\Users\LENOVO\.gemini\antigravity-ide\brain\4eea2945-e740-4d73-897f-44829510f44a\.system_generated\tasks\task-2219.lo
g:3880:pg_restore: error: could not execute query: ERROR:  must be owner of table sso_domains
C:\Users\LENOVO\.gemini\antigravity-ide\brain\4eea2945-e740-4d73-897f-44829510f44a\.system_generated\tasks\task-2219.lo
g:3883:pg_restore: error: could not execute query: ERROR:  must be owner of table sso_providers
C:\Users\LENOVO\.gemini\antigravity-ide\brain\4eea2945-e740-4d73-897f-44829510f44a\.system_generated\tasks\task-2219.lo
g:3886:pg_restore: error: could not execute query: ERROR:  must be owner of table users
C:\Users\LENOVO\.gemini\antigravity-ide\brain\4eea2945-e740-4d73-897f-44829510f44a\.system_generated\tasks\task-2219.lo
g:3889:pg_restore: error: could not execute query: ERROR:  must be owner of table buckets
C:\Users\LENOVO\.gemini\antigravity-ide\brain\4eea2945-e740-4d73-897f-44829510f44a\.system_generated\tasks\task-2219.lo
g:3892:pg_restore: error: could not execute query: ERROR:  must be owner of table buckets_analytics
C:\Users\LENOVO\.gemini\antigravity-ide\brain\4eea2945-e740-4d73-897f-44829510f44a\.system_generated\tasks\task-2219.lo
g:3895:pg_restore: error: could not execute query: ERROR:  must be owner of table buckets_vectors
C:\Users\LENOVO\.gemini\antigravity-ide\brain\4eea2945-e740-4d73-897f-44829510f44a\.system_generated\tasks\task-2219.lo
g:3898:pg_restore: error: could not execute query: ERROR:  must be owner of table migrations
C:\Users\LENOVO\.gemini\antigravity-ide\brain\4eea2945-e740-4d73-897f-44829510f44a\.system_generated\tasks\task-2219.lo
g:3901:pg_restore: error: could not execute query: ERROR:  must be owner of table objects
C:\Users\LENOVO\.gemini\antigravity-ide\brain\4eea2945-e740-4d73-897f-44829510f44a\.system_generated\tasks\task-2219.lo
g:3904:pg_restore: error: could not execute query: ERROR:  must be owner of table s3_multipart_uploads
C:\Users\LENOVO\.gemini\antigravity-ide\brain\4eea2945-e740-4d73-897f-44829510f44a\.system_generated\tasks\task-2219.lo
g:3907:pg_restore: error: could not execute query: ERROR:  must be owner of table s3_multipart_uploads_parts
C:\Users\LENOVO\.gemini\antigravity-ide\brain\4eea2945-e740-4d73-897f-44829510f44a\.system_generated\tasks\task-2219.lo
g:3910:pg_restore: error: could not execute query: ERROR:  must be owner of table vector_indexes
C:\Users\LENOVO\.gemini\antigravity-ide\brain\4eea2945-e740-4d73-897f-44829510f44a\.system_generated\tasks\task-2219.lo
g:3913:pg_restore: error: could not execute query: ERROR:  publication "supabase_realtime" already exists
C:\Users\LENOVO\.gemini\antigravity-ide\brain\4eea2945-e740-4d73-897f-44829510f44a\.system_generated\tasks\task-2219.lo
g:3917:pg_restore: error: could not execute query: ERROR:  publication "supabase_realtime_messages_publication" 
already exists
C:\Users\LENOVO\.gemini\antigravity-ide\brain\4eea2945-e740-4d73-897f-44829510f44a\.system_generated\tasks\task-2219.lo
g:3921:pg_restore: error: could not execute query: ERROR:  relation "messages" is already member of publication 
"supabase_realtime_messages_publication"
C:\Users\LENOVO\.gemini\antigravity-ide\brain\4eea2945-e740-4d73-897f-44829510f44a\.system_generated\tasks\task-2219.lo
g:3925:pg_restore: error: could not execute query: ERROR:  Non-superuser owned event trigger must execute a 
non-superuser owned function
C:\Users\LENOVO\.gemini\antigravity-ide\brain\4eea2945-e740-4d73-897f-44829510f44a\.system_generated\tasks\task-2219.lo
g:3932:pg_restore: error: could not execute query: ERROR:  Non-superuser owned event trigger must execute a 
non-superuser owned function
C:\Users\LENOVO\.gemini\antigravity-ide\brain\4eea2945-e740-4d73-897f-44829510f44a\.system_generated\tasks\task-2219.lo
g:3939:pg_restore: error: could not execute query: ERROR:  Non-superuser owned event trigger must execute a 
non-superuser owned function
C:\Users\LENOVO\.gemini\antigravity-ide\brain\4eea2945-e740-4d73-897f-44829510f44a\.system_generated\tasks\task-2219.lo
g:3946:pg_restore: error: could not execute query: ERROR:  Non-superuser owned event trigger must execute a 
non-superuser owned function
C:\Users\LENOVO\.gemini\antigravity-ide\brain\4eea2945-e740-4d73-897f-44829510f44a\.system_generated\tasks\task-2219.lo
g:3953:pg_restore: error: could not execute query: ERROR:  Non-superuser owned event trigger must execute a 
non-superuser owned function
C:\Users\LENOVO\.gemini\antigravity-ide\brain\4eea2945-e740-4d73-897f-44829510f44a\.system_generated\tasks\task-2219.lo
g:3959:pg_restore: error: could not execute query: ERROR:  Non-superuser owned event trigger must execute a 
non-superuser owned function


